borderless
useless
factorless
chiripitily
booking
cheering
